// Vitest Snapshot v1, https://vitest.dev/guide/snapshot.html

exports[`UI: Tickets No-Reply Candidates Page > snapshot renders with items 1`] = `"<div class="p-4 space-y-4"><h2 class="font-semibold text-lg">Automation Candidates: Tickets No-Reply</h2><div class="flex gap-3 items-center"><label class="text-sm">Threshold Days</label><input type="number" min="0" class="border rounded px-2 py-1 w-24" value="3"/></div><table class="w-full border border-slate-300"><thead class="bg-slate-100"><tr><th class="text-left p-2 border-b">Severity</th><th class="text-left p-2 border-b">Ticket</th><th class="text-left p-2 border-b">Days Open</th><th class="text-left p-2 border-b">Last Reply</th></tr></thead><tbody><tr class="border-b"><td class="p-2"><span class="rounded px-2 py-1 bg-yellow-100">🟡 Warning</span></td><td class="p-2">t1</td><td class="p-2">5</td><td class="p-2">No replies yet</td></tr></tbody></table></div>"`;
