// Vitest Snapshot v1, https://vitest.dev/guide/snapshot.html

exports[`UI: Unpaid Old Candidates Page > snapshot renders with items 1`] = `"<div class="p-4 space-y-4"><h2 class="font-semibold text-lg">Automation Candidates: Unpaid Sent Invoices</h2><div class="flex gap-3 items-center"><label class="text-sm">Min Days</label><input type="number" min="0" class="border rounded px-2 py-1 w-24" value="7"/><label class="text-sm">Period</label><input type="month" class="border rounded px-2 py-1" value=""/></div><table class="w-full border border-slate-300"><thead class="bg-slate-100"><tr><th class="text-left p-2 border-b">Severity</th><th class="text-left p-2 border-b">Invoice</th><th class="text-left p-2 border-b">Days Since Sent</th><th class="text-left p-2 border-b">Sent At</th></tr></thead><tbody><tr class="border-b"><td class="p-2"><span class="rounded px-2 py-1 bg-yellow-100">🟡 Warning</span></td><td class="p-2">inv-1</td><td class="p-2">12</td><td class="p-2">2026-01-08</td></tr></tbody></table></div>"`;
